ASxxxx Linker V05.50.4-SDLD,  page 1.
Hexadecimal  [32-Bits]

Area                                    Addr        Size        Decimal Bytes (Attributes)
--------------------------------        ----        ----        ------- ----- ------------
CABS                                00000000    00000000 =           0. bytes (ABS,CON,CODE)

         Value  Global                             Global Defined In Module
         -----  --------------------------------   ------------------------
C:   00000000  l_BIT_BANK                      
C:   00000000  l_BSEG                          
C:   00000000  l_BSEG_BYTES                    
C:   00000000  l_CABS                          
C:   00000000  l_CONST                         
C:   00000000  l_GSINIT                        
C:   00000000  l_GSINIT1                       
C:   00000000  l_GSINIT5                       
C:   00000000  l_IABS                          
C:   00000000  l_ISEG                          
C:   00000000  l_OSEG                          
C:   00000000  l_PSEG                          
C:   00000000  l_REG_BANK_1                    
C:   00000000  l_REG_BANK_2                    
C:   00000000  l_REG_BANK_3                    
C:   00000000  l_RSEG                          
C:   00000000  l_RSEG0                         
C:   00000000  l_RSEG1                         
C:   00000000  l_XABS                          
C:   00000000  l_XINIT                         
C:   00000000  l_XISEG                         
C:   00000000  l_XSEG                          
C:   00000000  l__CODE                         
C:   00000000  s_BSEG                          
C:   00000000  s_CABS                          
C:   00000000  s_DSEG                          
C:   00000000  s_HOME                          
C:   00000000  s_IABS                          
C:   00000000  s_ISEG                          
C:   00000000  s_REG_BANK_0                    
C:   00000000  s_RSEG                          
C:   00000000  s_RSEG0                         
C:   00000000  s_RSEG1                         
C:   00000000  s_XABS                          
C:   00000003  l_GSFINAL                       
C:   00000003  l_GSINIT0                       
C:   00000008  l_REG_BANK_0                    
C:   00000008  s_REG_BANK_1                    
C:   00000008  s_SSEG                          
C:   0000000A  l_GSINIT2                       
C:   00000010  s_REG_BANK_2                    
C:   00000018  s_BIT_BANK                      
C:   00000018  s_OSEG                          
C:   00000018  s_REG_BANK_3                    
C:   00000020  s_BSEG_BYTES                    
C:   00000020  s__CODE                         
C:   00000022  l_GSINIT3                       
C:   0000002A  l_GSINIT4                       
C:   0000004E  l_HOME                          
C:   0000004E  s_GSINIT0                       
ASxxxx Linker V05.50.4-SDLD,  page 2.
Hexadecimal  [32-Bits]

Area                                    Addr        Size        Decimal Bytes (Attributes)
--------------------------------        ----        ----        ------- ----- ------------
CABS                                00000000    00000000 =           0. bytes (ABS,CON,CODE)

         Value  Global                             Global Defined In Module
         -----  --------------------------------   ------------------------
C:   00000051  s_GSINIT1                       
C:   00000051  s_GSINIT2                       
C:   0000005B  s_GSINIT3                       
C:   00000078  l_SSEG                          
C:   0000007D  s_GSINIT4                       
C:   00000080  l_DSEG                          
C:   00000080  l_IRAM                          
C:   000000A7  s_GSFINAL                       
C:   000000A7  s_GSINIT                        
C:   000000A7  s_GSINIT5                       
C:   000000AA  s_CSEG                          
C:   00000127  l_CSEG                          
C:   000001D1  s_CONST                         
C:   000001D1  s_XINIT                         
C:   00000500  s_PSEG                          
C:   00000500  s_XISEG                         
C:   00000500  s_XSEG                          

ASxxxx Linker V05.50.4-SDLD,  page 3.
Hexadecimal  [32-Bits]

Area                                    Addr        Size        Decimal Bytes (Attributes)
--------------------------------        ----        ----        ------- ----- ------------
.  .ABS.                            00000000    00000000 =           0. bytes (ABS,CON)

         Value  Global                             Global Defined In Module
         -----  --------------------------------   ------------------------
     00000000  .__.ABS.                           _startup
     000000A0  __XPAGE                            
     00000400  _buf                               eeprom_read
     00000420  _st                                eeprom_read
     00000480  _marker                            eeprom_read

ASxxxx Linker V05.50.4-SDLD,  page 4.
Hexadecimal  [32-Bits]

Area                                    Addr        Size        Decimal Bytes (Attributes)
--------------------------------        ----        ----        ------- ----- ------------
REG_BANK_0                          00000000    00000008 =           8. bytes (REL,OVR)

         Value  Global                             Global Defined In Module
         -----  --------------------------------   ------------------------
ASxxxx Linker V05.50.4-SDLD,  page 5.
Hexadecimal  [32-Bits]

Area                                    Addr        Size        Decimal Bytes (Attributes)
--------------------------------        ----        ----        ------- ----- ------------
DSEG                                00000000    00000080 =         128. bytes (REL,CON)

         Value  Global                             Global Defined In Module
         -----  --------------------------------   ------------------------
ASxxxx Linker V05.50.4-SDLD,  page 6.
Hexadecimal  [32-Bits]

Area                                    Addr        Size        Decimal Bytes (Attributes)
--------------------------------        ----        ----        ------- ----- ------------
SSEG                                00000008    00000078 =         120. bytes (REL,OVR)

         Value  Global                             Global Defined In Module
         -----  --------------------------------   ------------------------
     00000008  __start__stack                     eeprom_read

ASxxxx Linker V05.50.4-SDLD,  page 7.
Hexadecimal  [32-Bits]

Area                                    Addr        Size        Decimal Bytes (Attributes)
--------------------------------        ----        ----        ------- ----- ------------
HOME                                00000000    0000004E =          78. bytes (REL,CON,CODE)

         Value  Global                             Global Defined In Module
         -----  --------------------------------   ------------------------
C:   00000008  sdcc_atomic_exchange_rollback_st   eeprom_read
C:   0000002F  sdcc_atomic_exchange_gptr_impl     eeprom_read
C:   0000002F  sdcc_atomic_exchange_rollback_en   eeprom_read
C:   0000003F  sdcc_atomic_compare_exchange_gpt   eeprom_read
C:   00000049  __sdcc_program_startup             eeprom_read

ASxxxx Linker V05.50.4-SDLD,  page 8.
Hexadecimal  [32-Bits]

Area                                    Addr        Size        Decimal Bytes (Attributes)
--------------------------------        ----        ----        ------- ----- ------------
GSINIT0                             0000004E    00000003 =           3. bytes (REL,CON,CODE)

         Value  Global                             Global Defined In Module
         -----  --------------------------------   ------------------------
C:   0000004E  __sdcc_gsinit_startup              

ASxxxx Linker V05.50.4-SDLD,  page 9.
Hexadecimal  [32-Bits]

Area                                    Addr        Size        Decimal Bytes (Attributes)
--------------------------------        ----        ----        ------- ----- ------------
GSINIT2                             00000051    0000000A =          10. bytes (REL,CON,CODE)

         Value  Global                             Global Defined In Module
         -----  --------------------------------   ------------------------
ASxxxx Linker V05.50.4-SDLD,  page 10.
Hexadecimal  [32-Bits]

Area                                    Addr        Size        Decimal Bytes (Attributes)
--------------------------------        ----        ----        ------- ----- ------------
GSINIT3                             0000005B    00000022 =          34. bytes (REL,CON,CODE)

         Value  Global                             Global Defined In Module
         -----  --------------------------------   ------------------------
C:   0000005B  __mcs51_genXINIT                   

ASxxxx Linker V05.50.4-SDLD,  page 11.
Hexadecimal  [32-Bits]

Area                                    Addr        Size        Decimal Bytes (Attributes)
--------------------------------        ----        ----        ------- ----- ------------
GSINIT4                             0000007D    0000002A =          42. bytes (REL,CON,CODE)

         Value  Global                             Global Defined In Module
         -----  --------------------------------   ------------------------
C:   0000007D  __mcs51_genRAMCLEAR                
C:   00000083  __mcs51_genXRAMCLEAR               

ASxxxx Linker V05.50.4-SDLD,  page 12.
Hexadecimal  [32-Bits]

Area                                    Addr        Size        Decimal Bytes (Attributes)
--------------------------------        ----        ----        ------- ----- ------------
GSFINAL                             000000A7    00000003 =           3. bytes (REL,CON,CODE)

         Value  Global                             Global Defined In Module
         -----  --------------------------------   ------------------------
ASxxxx Linker V05.50.4-SDLD,  page 13.
Hexadecimal  [32-Bits]

Area                                    Addr        Size        Decimal Bytes (Attributes)
--------------------------------        ----        ----        ------- ----- ------------
CSEG                                000000AA    00000127 =         295. bytes (REL,CON,CODE)

         Value  Global                             Global Defined In Module
         -----  --------------------------------   ------------------------
C:   000000CB  _main                              eeprom_read
C:   000001CD  ___sdcc_external_startup           _startup

ASxxxx Linker V05.50.4-SDLD,  page 14.

Files Linked                              [ module(s) ]

eeprom_read.rel                           [  ]


Libraries Linked                          [ object file ]

/opt/homebrew/bin/../share/sdcc/lib/small/mcs51.lib
                                          [ crtclear.rel ]
/opt/homebrew/bin/../share/sdcc/lib/small/mcs51.lib
                                          [ crtxinit.rel ]
/opt/homebrew/bin/../share/sdcc/lib/small/mcs51.lib
                                          [ crtxclear.rel ]
/opt/homebrew/bin/../share/sdcc/lib/small/mcs51.lib
                                          [ crtpagesfr.rel ]
/opt/homebrew/bin/../share/sdcc/lib/small/mcs51.lib
                                          [ crtstart.rel ]
/opt/homebrew/bin/../share/sdcc/lib/small/libsdcc.lib
                                          [ _startup.rel ]

ASxxxx Linker V05.50.4-SDLD,  page 15.

User Base Address Definitions

HOME = 0x0000
XSEG = 0x0500
PSEG = 0x0500
ISEG = 0x0000
BSEG = 0x0000

